> Task :app:checkKotlinGradlePluginConfigurationErrors SKIPPED
> Task :app:preBuild UP-TO-DATE
> Task :app:preDebugBuild UP-TO-DATE
> Task :app:checkDebugAarMetadata UP-TO-DATE
> Task :app:generateDebugResValues UP-TO-DATE
> Task :app:mapDebugSourceSetPaths UP-TO-DATE
> Task :app:generateDebugResources UP-TO-DATE
> Task :app:mergeDebugResources UP-TO-DATE
> Task :app:packageDebugResources UP-TO-DATE
> Task :app:parseDebugLocalResources UP-TO-DATE
> Task :app:createDebugCompatibleScreenManifests UP-TO-DATE
> Task :app:extractDeepLinksDebug UP-TO-DATE
> Task :app:processDebugMainManifest UP-TO-DATE
> Task :app:processDebugManifest UP-TO-DATE
> Task :app:processDebugManifestForPackage UP-TO-DATE
> Task :app:processDebugResources UP-TO-DATE
> Task :app:kaptGenerateStubsDebugKotlin UP-TO-DATE
> Task :app:kaptDebugKotlin UP-TO-DATE
> Task :app:compileDebugKotlin UP-TO-DATE
> Task :app:javaPreCompileDebug UP-TO-DATE
> Task :app:compileDebugJavaWithJavac UP-TO-DATE
> Task :app:bundleDebugClassesToCompileJar UP-TO-DATE

> Task :app:kaptGenerateStubsDebugUnitTestKotlin
w: Kapt currently doesn't support language version 2.0+. Falling back to 1.9.

> Task :app:kaptDebugUnitTestKotlin

> Task :app:compileDebugUnitTestKotlin FAILED
.\gradlew.bat : e: file:
///E:/Project%20G-Labs/b
atagor/app/src/test/java
/com/geraldarya/studentt
asks/ui/TaskViewModelTes
t.kt:73:39 Unresolved 
reference. None of the 
following candidates is 
applicable because of a 
receiver type mismatch:
At line:1 char:1
+ .\gradlew.bat :app:com
pileDebugUnitTestKotlin 
2>&1 | Out-File -FilePa 
...
+ ~~~~~~~~~~~~~~~~~~~~~~
~~~~~~~~~~~~~~~~~~~~~~~~
~~~~
    + CategoryInfo      
        : NotSpecified  
  : (e: file:///E:/P.   
 .. type mismatch::S    
tring) [], RemoteEx    
ception
    + FullyQualifiedErr 
   orId : NativeComman  
  dError
 
fun CoroutineScope.launc
h(context: 
CoroutineContext = ..., 
start: CoroutineStart = 
..., block: suspend 
CoroutineScope.() -> 
Unit): Job
e: file:///E:/Project%20
G-Labs/batagor/app/src/t
est/java/com/geraldarya/
studenttasks/ui/TaskView
ModelTest.kt:74:31 
Suspend function 
'suspend fun 
collect(collector: FlowC
ollector<TaskUiState>): 
Nothing' should be 
called only from a 
coroutine or another 
suspend function.

FAILURE: Build failed 
with an exception.

* What went wrong:
Execution failed for 
task ':app:compileDebugU
nitTestKotlin'.
> A failure occurred 
while executing org.jetb
rains.kotlin.compilerRun
ner.GradleCompilerRunner
WithWorkers$GradleKotlin
CompilerWorkAction
   > Compilation error. 
See log for more details

* Try:
> Run with --stacktrace 
option to get the stack 
trace.
> Run with --info or 
--debug option to get 
more log output.
> Run with --scan to 
get full insights.
> Get more help at 
https://help.gradle.org.

BUILD FAILED in 3s
22 actionable tasks: 3 executed, 19 up-to-date
