> Task :app:checkKotlinGradlePluginConfigurationErrors SKIPPED
> Task :app:preBuild UP-TO-DATE
> Task :app:preDebugBuild UP-TO-DATE
> Task :app:checkDebugAarMetadata UP-TO-DATE
> Task :app:generateDebugResValues UP-TO-DATE
> Task :app:mapDebugSourceSetPaths UP-TO-DATE
> Task :app:generateDebugResources UP-TO-DATE
> Task :app:mergeDebugResources UP-TO-DATE
> Task :app:packageDebugResources UP-TO-DATE
> Task :app:parseDebugLocalResources UP-TO-DATE
> Task :app:createDebugCompatibleScreenManifests UP-TO-DATE
> Task :app:extractDeepLinksDebug UP-TO-DATE
> Task :app:processDebugMainManifest UP-TO-DATE
> Task :app:processDebugManifest UP-TO-DATE
> Task :app:processDebugManifestForPackage UP-TO-DATE
> Task :app:processDebugResources UP-TO-DATE
> Task :app:kaptGenerateStubsDebugKotlin UP-TO-DATE
> Task :app:kaptDebugKotlin UP-TO-DATE
> Task :app:compileDebugKotlin UP-TO-DATE
> Task :app:javaPreCompileDebug UP-TO-DATE
> Task :app:compileDebugJavaWithJavac UP-TO-DATE
> Task :app:bundleDebugClassesToRuntimeJar UP-TO-DATE
> Task :app:bundleDebugClassesToCompileJar UP-TO-DATE
> Task :app:preDebugUnitTestBuild UP-TO-DATE
> Task :app:javaPreCompileDebugUnitTest UP-TO-DATE
> Task :app:processDebugJavaRes UP-TO-DATE

> Task :app:kaptGenerateStubsDebugUnitTestKotlin
w: Kapt currently doesn't support language version 2.0+. Falling back to 1.9.

> Task :app:kaptDebugUnitTestKotlin UP-TO-DATE
> Task :app:compileDebugUnitTestKotlin
> Task :app:compileDebugUnitTestJavaWithJavac NO-SOURCE
> Task :app:processDebugUnitTestJavaRes UP-TO-DATE
.\gradlew.bat : OpenJDK 
64-Bit Server VM 
warning: Sharing is 
only supported for boot 
loader classes because 
bootstrap classpath has 
been appended
At line:1 char:1
+ .\gradlew.bat 
:app:testDebugUnitTest 
2>&1 | Out-File 
-FilePath E:\Pro ...
+ ~~~~~~~~~~~~~~~~~~~~~~
~~~~~~~~~~~~~~~~~~~
    + CategoryInfo      
        : NotSpecified  
  : (OpenJDK 64-Bit .   
 ..s been appended:S    
tring) [], RemoteEx    
ception
    + FullyQualifiedErr 
   orId : NativeComman  
  dError
 
> Task :app:testDebugUnitTest

BUILD SUCCESSFUL in 7s
27 actionable tasks: 3 executed, 24 up-to-date
